▲ Next.js 16.2.6 (Turbopack)
- Local:         http://127.0.0.1:3100
- Network:       http://127.0.0.1:3100
✓ Ready in 1214ms

 GET /en/owner/sign-in 404 in 901ms (next.js: 642ms, proxy.ts: 33ms, application-code: 226ms)
 GET /en/owner/sign-in 404 in 73ms (next.js: 11ms, proxy.ts: 5ms, application-code: 57ms)
 GET /en/owner/sign-in 404 in 91ms (next.js: 19ms, proxy.ts: 6ms, application-code: 66ms)
 GET /en/owner/sign-in 404 in 73ms (next.js: 15ms, proxy.ts: 5ms, application-code: 53ms)
 GET /en/owner/sign-in 404 in 60ms (next.js: 12ms, proxy.ts: 5ms, application-code: 43ms)
 GET /en/owner/sign-in 404 in 49ms (next.js: 10ms, proxy.ts: 4ms, application-code: 35ms)
 GET /en/owner/sign-in 404 in 54ms (next.js: 10ms, proxy.ts: 4ms, application-code: 41ms)
 GET /en/owner/sign-in 404 in 80ms (next.js: 26ms, proxy.ts: 5ms, application-code: 50ms)
 GET /en/owner/sign-in 404 in 86ms (next.js: 23ms, proxy.ts: 3ms, application-code: 60ms)
 GET /en/owner/sign-in 404 in 46ms (next.js: 10ms, proxy.ts: 4ms, application-code: 32ms)
 GET /en/owner/sign-in 404 in 59ms (next.js: 12ms, proxy.ts: 4ms, application-code: 42ms)
 GET /en/owner/sign-in 404 in 57ms (next.js: 9ms, proxy.ts: 4ms, application-code: 44ms)
 GET /en/owner/sign-in 404 in 56ms (next.js: 11ms, proxy.ts: 4ms, application-code: 40ms)
 GET /en/owner/sign-in 404 in 56ms (next.js: 10ms, proxy.ts: 5ms, application-code: 42ms)
 GET /en/owner/sign-in 404 in 44ms (next.js: 9ms, proxy.ts: 4ms, application-code: 31ms)
 GET /en/owner/sign-in 404 in 73ms (next.js: 14ms, proxy.ts: 5ms, application-code: 54ms)
 GET /en/owner/sign-in 404 in 52ms (next.js: 12ms, proxy.ts: 4ms, application-code: 36ms)
 GET /en/owner/sign-in 404 in 51ms (next.js: 10ms, proxy.ts: 3ms, application-code: 38ms)
 GET /en/owner/sign-in 404 in 80ms (next.js: 13ms, proxy.ts: 5ms, application-code: 62ms)
 GET /en/owner/sign-in 404 in 60ms (next.js: 12ms, proxy.ts: 4ms, application-code: 44ms)
 GET /en/owner/sign-in 404 in 61ms (next.js: 13ms, proxy.ts: 7ms, application-code: 40ms)
 GET /en/owner/sign-in 404 in 56ms (next.js: 9ms, proxy.ts: 3ms, application-code: 44ms)
 GET /en/owner/sign-in 404 in 52ms (next.js: 11ms, proxy.ts: 4ms, application-code: 37ms)
 GET /en/owner/sign-in 404 in 44ms (next.js: 9ms, proxy.ts: 3ms, application-code: 31ms)
 GET /en/owner/sign-in 404 in 44ms (next.js: 10ms, proxy.ts: 4ms, application-code: 30ms)
 GET /en/owner/sign-in 404 in 54ms (next.js: 9ms, proxy.ts: 4ms, application-code: 40ms)
 GET /en/owner/sign-in 404 in 48ms (next.js: 9ms, proxy.ts: 4ms, application-code: 36ms)
 GET /en/owner/sign-in 404 in 77ms (next.js: 20ms, proxy.ts: 4ms, application-code: 53ms)
 GET /en/owner/sign-in 404 in 92ms (next.js: 14ms, proxy.ts: 5ms, application-code: 73ms)
 GET /en/owner/sign-in 404 in 58ms (next.js: 13ms, proxy.ts: 4ms, application-code: 42ms)
 GET /en/owner/sign-in 404 in 53ms (next.js: 12ms, proxy.ts: 6ms, application-code: 35ms)
 GET /en/owner/sign-in 404 in 60ms (next.js: 13ms, proxy.ts: 3ms, application-code: 44ms)
 GET /en/owner/sign-in 404 in 57ms (next.js: 11ms, proxy.ts: 4ms, application-code: 43ms)
 GET /en/owner/sign-in 404 in 56ms (next.js: 11ms, proxy.ts: 4ms, application-code: 40ms)
 GET /en/owner/sign-in 404 in 55ms (next.js: 8ms, proxy.ts: 3ms, application-code: 45ms)
 GET /en/owner/sign-in 404 in 84ms (next.js: 11ms, proxy.ts: 4ms, application-code: 69ms)
 GET /en/owner/sign-in 404 in 76ms (next.js: 15ms, proxy.ts: 5ms, application-code: 56ms)
 GET /en/owner/sign-in 404 in 43ms (next.js: 8ms, proxy.ts: 4ms, application-code: 31ms)
 GET /en/owner/sign-in 404 in 68ms (next.js: 10ms, proxy.ts: 3ms, application-code: 55ms)
 GET /en/owner/sign-in 404 in 54ms (next.js: 14ms, proxy.ts: 4ms, application-code: 35ms)
 GET /en/owner/sign-in 404 in 51ms (next.js: 9ms, proxy.ts: 4ms, application-code: 39ms)
 GET /en/owner/sign-in 404 in 48ms (next.js: 11ms, proxy.ts: 4ms, application-code: 33ms)
 GET /en/owner/sign-in 404 in 38ms (next.js: 8ms, proxy.ts: 3ms, application-code: 27ms)
 GET /en/owner/sign-in 404 in 56ms (next.js: 10ms, proxy.ts: 4ms, application-code: 42ms)
 GET /en/owner/sign-in 404 in 54ms (next.js: 11ms, proxy.ts: 4ms, application-code: 40ms)
 GET /en/owner/sign-in 404 in 78ms (next.js: 10ms, proxy.ts: 5ms, application-code: 62ms)
 GET /en/owner/sign-in 404 in 66ms (next.js: 11ms, proxy.ts: 4ms, application-code: 51ms)
 GET /en/owner/sign-in 404 in 43ms (next.js: 9ms, proxy.ts: 3ms, application-code: 31ms)
 GET /en/owner/sign-in 404 in 42ms (next.js: 8ms, proxy.ts: 3ms, application-code: 31ms)
 GET /en/owner/sign-in 404 in 85ms (next.js: 20ms, proxy.ts: 7ms, application-code: 59ms)
 GET /en/owner/sign-in 404 in 54ms (next.js: 12ms, proxy.ts: 4ms, application-code: 39ms)
 GET /en/owner/sign-in 404 in 44ms (next.js: 8ms, proxy.ts: 3ms, application-code: 33ms)
 GET /en/owner/sign-in 404 in 54ms (next.js: 9ms, proxy.ts: 5ms, application-code: 40ms)
 GET /en/owner/sign-in 404 in 78ms (next.js: 14ms, proxy.ts: 5ms, application-code: 58ms)
 GET /en/owner/sign-in 404 in 46ms (next.js: 8ms, proxy.ts: 3ms, application-code: 35ms)
 GET /en/owner/sign-in 404 in 65ms (next.js: 11ms, proxy.ts: 6ms, application-code: 48ms)
 GET /en/owner/sign-in 404 in 80ms (next.js: 17ms, proxy.ts: 10ms, application-code: 53ms)
 GET /en/owner/sign-in 404 in 69ms (next.js: 13ms, proxy.ts: 5ms, application-code: 50ms)
 GET /en/owner/sign-in 404 in 53ms (next.js: 11ms, proxy.ts: 3ms, application-code: 39ms)
 GET /en/owner/sign-in 404 in 43ms (next.js: 10ms, proxy.ts: 3ms, application-code: 30ms)
 GET /en/owner/sign-in 404 in 57ms (next.js: 10ms, proxy.ts: 3ms, application-code: 45ms)
 GET /en/owner/sign-in 404 in 47ms (next.js: 10ms, proxy.ts: 2ms, application-code: 35ms)
 GET /en/owner/sign-in 404 in 57ms (next.js: 12ms, proxy.ts: 5ms, application-code: 40ms)
 GET /en/owner/sign-in 404 in 52ms (next.js: 9ms, proxy.ts: 3ms, application-code: 39ms)
 GET /en/owner/sign-in 404 in 54ms (next.js: 11ms, proxy.ts: 4ms, application-code: 40ms)
 GET /en/owner/sign-in 404 in 57ms (next.js: 11ms, proxy.ts: 3ms, application-code: 43ms)
 GET /en/owner/sign-in 404 in 95ms (next.js: 15ms, proxy.ts: 4ms, application-code: 76ms)
 GET /en/owner/sign-in 404 in 60ms (next.js: 10ms, proxy.ts: 3ms, application-code: 47ms)
 GET /en/owner/sign-in 404 in 61ms (next.js: 11ms, proxy.ts: 6ms, application-code: 45ms)
 GET /en/owner/sign-in 404 in 71ms (next.js: 12ms, proxy.ts: 7ms, application-code: 52ms)
 GET /en/owner/sign-in 404 in 81ms (next.js: 13ms, proxy.ts: 7ms, application-code: 61ms)
 GET /en/owner/sign-in 404 in 66ms (next.js: 15ms, proxy.ts: 6ms, application-code: 45ms)
 GET /en/owner/sign-in 404 in 81ms (next.js: 14ms, proxy.ts: 5ms, application-code: 61ms)
 GET /en/owner/sign-in 404 in 64ms (next.js: 12ms, proxy.ts: 4ms, application-code: 47ms)
 GET /en/owner/sign-in 404 in 62ms (next.js: 10ms, proxy.ts: 5ms, application-code: 47ms)
 GET /en/owner/sign-in 404 in 55ms (next.js: 11ms, proxy.ts: 4ms, application-code: 41ms)
 GET /en/owner/sign-in 404 in 59ms (next.js: 12ms, proxy.ts: 4ms, application-code: 43ms)
 GET /en/owner/sign-in 404 in 82ms (next.js: 13ms, proxy.ts: 7ms, application-code: 62ms)
 GET /en/owner/sign-in 404 in 63ms (next.js: 11ms, proxy.ts: 4ms, application-code: 49ms)
 GET /en/owner/sign-in 404 in 48ms (next.js: 11ms, proxy.ts: 4ms, application-code: 33ms)
 GET /en/owner/sign-in 404 in 148ms (next.js: 31ms, proxy.ts: 5ms, application-code: 111ms)
 GET /en/owner/sign-in 404 in 72ms (next.js: 11ms, proxy.ts: 3ms, application-code: 58ms)
 GET /en/owner/sign-in 404 in 49ms (next.js: 8ms, proxy.ts: 4ms, application-code: 37ms)
 GET /en/owner/sign-in 404 in 60ms (next.js: 11ms, proxy.ts: 4ms, application-code: 45ms)
 GET /en/owner/sign-in 404 in 64ms (next.js: 11ms, proxy.ts: 3ms, application-code: 50ms)
 GET /en/owner/sign-in 404 in 46ms (next.js: 9ms, proxy.ts: 3ms, application-code: 34ms)
 GET /en/owner/sign-in 404 in 60ms (next.js: 11ms, proxy.ts: 4ms, application-code: 45ms)
 GET /en/owner/sign-in 404 in 70ms (next.js: 14ms, proxy.ts: 5ms, application-code: 50ms)
 GET /en/owner/sign-in 404 in 53ms (next.js: 10ms, proxy.ts: 7ms, application-code: 35ms)
 GET /en/owner/sign-in 404 in 52ms (next.js: 11ms, proxy.ts: 4ms, application-code: 38ms)
 GET /en/owner/sign-in 404 in 52ms (next.js: 8ms, proxy.ts: 3ms, application-code: 41ms)
 GET /en/owner/sign-in 404 in 58ms (next.js: 10ms, proxy.ts: 4ms, application-code: 44ms)
 GET /en/owner/sign-in 404 in 52ms (next.js: 9ms, proxy.ts: 5ms, application-code: 39ms)
 GET /en/owner/sign-in 404 in 44ms (next.js: 9ms, proxy.ts: 3ms, application-code: 32ms)
 GET /en/owner/sign-in 404 in 45ms (next.js: 9ms, proxy.ts: 3ms, application-code: 34ms)
 GET /en/owner/sign-in 404 in 63ms (next.js: 14ms, proxy.ts: 4ms, application-code: 45ms)
 GET /en/owner/sign-in 404 in 72ms (next.js: 13ms, proxy.ts: 5ms, application-code: 54ms)
 GET /en/owner/sign-in 404 in 47ms (next.js: 9ms, proxy.ts: 3ms, application-code: 35ms)
 GET /en/owner/sign-in 404 in 49ms (next.js: 10ms, proxy.ts: 3ms, application-code: 35ms)
 GET /en/owner/sign-in 404 in 50ms (next.js: 10ms, proxy.ts: 4ms, application-code: 37ms)
 GET /en/owner/sign-in 404 in 45ms (next.js: 9ms, proxy.ts: 3ms, application-code: 33ms)
 GET /en/owner/sign-in 404 in 56ms (next.js: 11ms, proxy.ts: 4ms, application-code: 41ms)
 GET /en/owner/sign-in 404 in 61ms (next.js: 9ms, proxy.ts: 3ms, application-code: 49ms)
 GET /en/owner/sign-in 404 in 44ms (next.js: 8ms, proxy.ts: 4ms, application-code: 31ms)
 GET /en/owner/sign-in 404 in 65ms (next.js: 12ms, proxy.ts: 4ms, application-code: 49ms)
 GET /en/owner/sign-in 404 in 67ms (next.js: 14ms, proxy.ts: 5ms, application-code: 48ms)
 GET /en/owner/sign-in 404 in 74ms (next.js: 13ms, proxy.ts: 4ms, application-code: 57ms)
 GET /en/owner/sign-in 404 in 62ms (next.js: 9ms, proxy.ts: 3ms, application-code: 50ms)
 GET /en/owner/sign-in 404 in 42ms (next.js: 7ms, proxy.ts: 3ms, application-code: 32ms)
 GET /en/owner/sign-in 404 in 51ms (next.js: 9ms, proxy.ts: 3ms, application-code: 38ms)
 GET /en/owner/sign-in 404 in 78ms (next.js: 16ms, proxy.ts: 4ms, application-code: 59ms)
 GET /en/owner/sign-in 404 in 105ms (next.js: 15ms, proxy.ts: 5ms, application-code: 85ms)
 GET /en/owner/sign-in 404 in 58ms (next.js: 11ms, proxy.ts: 4ms, application-code: 44ms)
